// Jest Snapshot v1, https://goo.gl/fbAQLP

exports[`<MenuItem /> Default story renders snapshot 1`] = `
<div
  class="css-1m75yyh"
>
  <li
    class="MuiButtonBase-root MuiMenuItem-root MuiMenuItem-gutters MuiMenuItem-root MuiMenuItem-gutters css-pelx1i-MuiButtonBase-root-MuiMenuItem-root"
    data-testid="MenuItem"
    name="Text here"
    role="menuitem"
    tabindex="-1"
  >
    <span
      class="css-bv5fko"
    >
      <span
        class="primary-text css-1k1xg99"
      >
        Text here
      </span>
      <span
        class="css-1o15svb"
      >
        123,456
      </span>
    </span>
    <span
      class="MuiTouchRipple-root css-8je8zh-MuiTouchRipple-root"
    />
  </li>
</div>
`;
