// Jest Snapshot v1, https://goo.gl/fbAQLP

exports[`<Table /> Default story renders snapshot 1`] = `
<table
  class="css-mpwjyz"
>
  <thead
    class="css-1426k2b"
  >
    <tr
      class="css-1nusez2"
    >
      <th
        class="css-fg8hab"
      >
        <div
          class="css-187gjam"
        >
          <span>
            Category
          </span>
        </div>
      </th>
      <th
        class="css-bc0x2f"
      >
        <div
          class="css-rm9mvq"
        >
          <span>
            Active Header
          </span>
          <button
            aria-label="Change sort direction from descending to ascending"
            class="MuiButtonBase-root MuiIconButton-root MuiIconButton-sizeMedium css-uq52cw-MuiButtonBase-root-MuiIconButton-root"
            tabindex="0"
            type="button"
          >
            <div
              class="css-1ft6wgl"
            >
              <svg
                aria-hidden="true"
                class="MuiSvgIcon-root MuiSvgIcon-fontSizeMedium css-1q6hio5-MuiSvgIcon-root"
                data-jest-file-name="IconChevronDownSmall.svg"
                data-jest-svg-name="IconChevronDownSmall"
                data-testid="IconChevronDownSmall"
                fillcontrast="white"
                focusable="false"
                viewBox="0 0 14 14"
              />
            </div>
            <span
              class="MuiTouchRipple-root css-8je8zh-MuiTouchRipple-root"
            />
          </button>
        </div>
      </th>
      <th
        class="css-x40omn"
      >
        <div
          class="css-rm9mvq"
        >
          <span>
            A very long table header title to test sort icon positioning
          </span>
          <button
            aria-label="Change sort direction from descending to ascending"
            class="MuiButtonBase-root MuiIconButton-root MuiIconButton-sizeMedium css-8uz3p0-MuiButtonBase-root-MuiIconButton-root"
            tabindex="0"
            type="button"
          >
            <div
              class="css-1ft6wgl"
            >
              <svg
                aria-hidden="true"
                class="MuiSvgIcon-root MuiSvgIcon-fontSizeMedium css-1q6hio5-MuiSvgIcon-root"
                data-jest-file-name="IconChevronDownSmall.svg"
                data-jest-svg-name="IconChevronDownSmall"
                data-testid="IconChevronDownSmall"
                fillcontrast="white"
                focusable="false"
                viewBox="0 0 14 14"
              />
            </div>
            <span
              class="MuiTouchRipple-root css-8je8zh-MuiTouchRipple-root"
            />
          </button>
        </div>
      </th>
      <th
        class="css-fg8hab"
      >
        <div
          class="css-187gjam"
        >
          <span>
            Centered
          </span>
          <button
            aria-label="Change sort direction from descending to ascending"
            class="MuiButtonBase-root MuiIconButton-root MuiIconButton-sizeMedium css-8uz3p0-MuiButtonBase-root-MuiIconButton-root"
            tabindex="0"
            type="button"
          >
            <div
              class="css-1ft6wgl"
            >
              <svg
                aria-hidden="true"
                class="MuiSvgIcon-root MuiSvgIcon-fontSizeMedium css-1q6hio5-MuiSvgIcon-root"
                data-jest-file-name="IconChevronDownSmall.svg"
                data-jest-svg-name="IconChevronDownSmall"
                data-testid="IconChevronDownSmall"
                fillcontrast="white"
                focusable="false"
                viewBox="0 0 14 14"
              />
            </div>
            <span
              class="MuiTouchRipple-root css-8je8zh-MuiTouchRipple-root"
            />
          </button>
        </div>
      </th>
      <th
        class="css-x40omn"
      >
        <div
          class="css-rm9mvq"
        >
          <span>
            Component
          </span>
        </div>
      </th>
      <th
        class="css-rcoqec"
      >
        <div
          class="css-wg04tn"
        >
          <span>
            Right Aligned and Not sortable
          </span>
        </div>
      </th>
    </tr>
  </thead>
  <tbody>
    <tr
      class="css-1te7wvi"
    >
      <td
        class="cell-component css-7n3ay9"
      >
        <div
          class="css-9lvjku"
        >
          <div
            class="css-1ft6wgl"
          >
            <svg
              aria-hidden="true"
              class="MuiSvgIcon-root MuiSvgIcon-fontSizeMedium css-25m3b5-MuiSvgIcon-root"
              data-jest-file-name="IconFlaskLarge.svg"
              data-jest-svg-name="IconFlaskLarge"
              data-testid="IconFlaskLarge"
              fillcontrast="white"
              focusable="false"
              viewBox="0 0 22 22"
            />
          </div>
          <div
            class="MuiChip-root MuiChip-filled MuiChip-sizeMedium MuiChip-colorPrimary MuiChip-filledPrimary css-1n15qie-MuiChip-root"
          >
            <span
              class="MuiChip-label MuiChip-labelMedium css-6od3lo-MuiChip-label"
            >
              Chemistry
            </span>
          </div>
        </div>
      </td>
      <td
        class=" css-ms0or8"
        data-mui-internal-clone-element="true"
      >
        <div
          class="css-ov1ktg"
        >
          <div
            class="css-1ago99h"
          >
            <span
              class="css-l4a0ln"
            >
              Primary Text
            </span>
            <span
              class="css-102yezv"
            >
              Lorem ipsum dolor sit amet, consectetur adipiscing elit, sed do eiusmod tempor incididunt ut labore et dolore magna aliqua.
            </span>
          </div>
        </div>
      </td>
      <td
        class="css-ms0or8"
      >
        <div
          class="css-ov1ktg"
        >
          <div
            class="css-1ago99h"
          >
            <span
              class="css-l4a0ln"
            >
              Primary Text
            </span>
            <span
              class="css-1xqvcqn"
            >
              Secondary Text
            </span>
            <span
              class="css-1xqvcqn"
            >
              Tertiary Text
            </span>
          </div>
        </div>
      </td>
      <td
        class="css-1chlzwf"
      >
        <div
          class="css-ov1ktg"
        >
          <div
            class="css-1ago99h"
          >
            <span
              class="css-l4a0ln"
            >
              Primary Text
            </span>
            <span
              class="css-1xqvcqn"
            >
              Secondary Text
            </span>
            <span
              class="css-1xqvcqn"
            >
              Tertiary Text
            </span>
          </div>
        </div>
      </td>
      <td
        class="cell-component css-1tllcjx"
      >
        <div
          class="MuiChip-root MuiChip-filled MuiChip-sizeMedium MuiChip-colorPrimary MuiChip-filledPrimary css-1n15qie-MuiChip-root"
        >
          <span
            class="MuiChip-label MuiChip-labelMedium css-6od3lo-MuiChip-label"
          >
            primary
          </span>
        </div>
        <div
          class="MuiChip-root MuiChip-filled MuiChip-sizeMedium MuiChip-colorPrimary MuiChip-filledPrimary css-1n15qie-MuiChip-root"
        >
          <span
            class="MuiChip-label MuiChip-labelMedium css-6od3lo-MuiChip-label"
          >
            warning
          </span>
        </div>
        <div
          class="MuiChip-root MuiChip-filled MuiChip-sizeMedium MuiChip-colorPrimary MuiChip-filledPrimary css-1n15qie-MuiChip-root"
        >
          <span
            class="MuiChip-label MuiChip-labelMedium css-6od3lo-MuiChip-label"
          >
            beta
          </span>
        </div>
        <div
          class="MuiChip-root MuiChip-filled MuiChip-sizeMedium MuiChip-colorPrimary MuiChip-filledPrimary css-1n15qie-MuiChip-root"
        >
          <span
            class="MuiChip-label MuiChip-labelMedium css-6od3lo-MuiChip-label"
          >
            error
          </span>
        </div>
        <div
          class="MuiChip-root MuiChip-filled MuiChip-sizeMedium MuiChip-colorPrimary MuiChip-filledPrimary css-1n15qie-MuiChip-root"
        >
          <span
            class="MuiChip-label MuiChip-labelMedium css-6od3lo-MuiChip-label"
          >
            success
          </span>
        </div>
      </td>
      <td
        class="css-ulyme7"
      >
        <div
          class="css-ov1ktg"
        >
          <div
            class="css-1ago99h"
          >
            <span
              class="css-l4a0ln"
            >
              356
            </span>
          </div>
        </div>
      </td>
    </tr>
    <tr
      class="css-1te7wvi"
    >
      <td
        class="cell-component css-7n3ay9"
      >
        <div
          class="css-9lvjku"
        >
          <div
            class="css-1ft6wgl"
          >
            <svg
              aria-hidden="true"
              class="MuiSvgIcon-root MuiSvgIcon-fontSizeMedium css-25m3b5-MuiSvgIcon-root"
              data-jest-file-name="IconDownloadLarge.svg"
              data-jest-svg-name="IconDownloadLarge"
              data-testid="IconDownloadLarge"
              fillcontrast="white"
              focusable="false"
              viewBox="0 0 22 22"
            />
          </div>
          <div
            class="MuiChip-root MuiChip-filled MuiChip-sizeMedium MuiChip-colorPrimary MuiChip-filledPrimary css-1n15qie-MuiChip-root"
          >
            <span
              class="MuiChip-label MuiChip-labelMedium css-6od3lo-MuiChip-label"
            >
              Downloadable Content
            </span>
          </div>
        </div>
      </td>
      <td
        class="css-ms0or8"
      >
        <div
          class="css-ov1ktg"
        >
          <div
            class="css-1ago99h"
          >
            <span
              class="css-l4a0ln"
            >
              Primary Text
            </span>
            <span
              class="css-1xqvcqn"
            >
              Secondary Text
            </span>
            <span
              class="css-1xqvcqn"
            >
              Tertiary Text
            </span>
          </div>
        </div>
      </td>
      <td
        class="css-ms0or8"
      >
        <div
          class="css-ov1ktg"
        >
          <div
            class="css-1ago99h"
          >
            <span
              class="css-l4a0ln"
            >
              Primary Text
            </span>
            <span
              class="css-1xqvcqn"
            >
              Secondary Text
            </span>
          </div>
        </div>
      </td>
      <td
        class="css-1chlzwf"
      >
        <div
          class="css-ov1ktg"
        >
          <div
            class="css-1ago99h"
          >
            <span
              class="css-l4a0ln"
            >
              Primary Text
            </span>
            <span
              class="css-1xqvcqn"
            >
              Secondary Text
            </span>
          </div>
        </div>
      </td>
      <td
        class="cell-component css-1tllcjx"
      >
        <div
          aria-labelledby="demo-radio-buttons-group-label"
          class="MuiFormGroup-root css-dmmspl-MuiFormGroup-root"
          role="radiogroup"
        >
          <label
            class="MuiFormControlLabel-root MuiFormControlLabel-labelPlacementEnd css-j204z7-MuiFormControlLabel-root"
          >
            <span
              class="MuiButtonBase-root MuiRadio-root MuiRadio-colorDefault PrivateSwitchBase-root MuiRadio-root MuiRadio-colorDefault MuiRadio-root MuiRadio-colorDefault css-1vqgfov-MuiButtonBase-root-MuiRadio-root"
              stage="unchecked"
            >
              <input
                class="PrivateSwitchBase-input css-1m9pwf3"
                name="radio-buttons-group"
                type="radio"
                value=""
              />
              <svg
                aria-hidden="true"
                class="MuiSvgIcon-root MuiSvgIcon-fontSizeMedium css-i4bv87-MuiSvgIcon-root"
                data-jest-file-name="IconRadioUnchecked.svg"
                data-jest-svg-name="IconRadioUnchecked"
                data-testid="IconRadioUnchecked"
                fillcontrast="white"
                focusable="false"
                viewBox="0 0 16 16"
              />
              <span
                class="MuiTouchRipple-root css-8je8zh-MuiTouchRipple-root"
              />
            </span>
            <span
              class="MuiTypography-root MuiTypography-body1 MuiFormControlLabel-label css-ahj2mt-MuiTypography-root"
            >
              Option 1
            </span>
          </label>
          <label
            class="MuiFormControlLabel-root MuiFormControlLabel-labelPlacementEnd css-j204z7-MuiFormControlLabel-root"
          >
            <span
              class="MuiButtonBase-root MuiRadio-root MuiRadio-colorPrimary PrivateSwitchBase-root MuiRadio-root MuiRadio-colorPrimary Mui-checked MuiRadio-root MuiRadio-colorPrimary css-b0a55y-MuiButtonBase-root-MuiRadio-root"
              stage="checked"
            >
              <input
                checked=""
                class="PrivateSwitchBase-input css-1m9pwf3"
                name="radio-buttons-group"
                type="radio"
                value=""
              />
              <svg
                aria-hidden="true"
                class="MuiSvgIcon-root MuiSvgIcon-fontSizeMedium css-i4bv87-MuiSvgIcon-root"
                data-jest-file-name="IconRadioChecked.svg"
                data-jest-svg-name="IconRadioChecked"
                data-testid="IconRadioChecked"
                fillcontrast="white"
                focusable="false"
                viewBox="0 0 16 16"
              />
              <span
                class="MuiTouchRipple-root css-8je8zh-MuiTouchRipple-root"
              />
            </span>
            <span
              class="MuiTypography-root MuiTypography-body1 MuiFormControlLabel-label css-ahj2mt-MuiTypography-root"
            >
              Option 2
            </span>
          </label>
        </div>
      </td>
      <td
        class="css-ulyme7"
      >
        <div
          class="css-ov1ktg"
        >
          <div
            class="css-1ago99h"
          >
            <span
              class="css-l4a0ln"
            >
              1,234
            </span>
            <span
              class="css-1xqvcqn"
            >
              2,344,000
            </span>
            <span
              class="css-1xqvcqn"
            >
              12.5%
            </span>
          </div>
        </div>
      </td>
    </tr>
    <tr
      class=" css-8ey8r3"
      data-mui-internal-clone-element="true"
      disabled=""
    >
      <td
        class="cell-component css-7n3ay9"
      >
        <div
          class="css-9lvjku"
        >
          <div
            class="css-1ft6wgl"
          >
            <svg
              aria-hidden="true"
              class="MuiSvgIcon-root MuiSvgIcon-fontSizeMedium css-25m3b5-MuiSvgIcon-root"
              data-jest-file-name="IconBacteriaLarge.svg"
              data-jest-svg-name="IconBacteriaLarge"
              data-testid="IconBacteriaLarge"
              fillcontrast="white"
              focusable="false"
              viewBox="0 0 22 22"
            />
          </div>
          <div
            class="MuiChip-root MuiChip-filled MuiChip-sizeMedium MuiChip-colorPrimary MuiChip-filledPrimary css-1n15qie-MuiChip-root"
          >
            <span
              class="MuiChip-label MuiChip-labelMedium css-6od3lo-MuiChip-label"
            >
              Disease
            </span>
          </div>
        </div>
      </td>
      <td
        class="css-1skzvyh"
      >
        <div
          class="css-ov1ktg"
        >
          <div
            class="css-1ago99h"
          >
            <span
              class="css-l4a0ln"
            >
              Primary Text
            </span>
            <span
              class="css-1xqvcqn"
            >
              Secondary Text
            </span>
            <span
              class="css-1xqvcqn"
            >
              Tertiary Text
            </span>
          </div>
        </div>
      </td>
      <td
        class="css-1skzvyh"
      >
        <div
          class="css-ov1ktg"
        >
          <div
            class="css-1ago99h"
          >
            <span
              class="css-l4a0ln"
            >
              Primary Text
            </span>
          </div>
        </div>
      </td>
      <td
        class="css-1fypcbh"
      >
        <div
          class="css-ov1ktg"
        >
          <div
            class="css-1ago99h"
          >
            <span
              class="css-l4a0ln"
            >
              Primary Text
            </span>
          </div>
        </div>
      </td>
      <td
        class="cell-component css-1pxuqjo"
      >
        <div
          class="css-1ft6wgl"
        >
          <svg
            aria-hidden="true"
            class="MuiSvgIcon-root MuiSvgIcon-fontSizeMedium css-25m3b5-MuiSvgIcon-root"
            data-jest-file-name="IconVirusLarge.svg"
            data-jest-svg-name="IconVirusLarge"
            data-testid="IconVirusLarge"
            fillcontrast="white"
            focusable="false"
            viewBox="0 0 22 22"
          />
        </div>
      </td>
      <td
        class="css-nwjh0y"
      >
        <div
          class="css-ov1ktg"
        >
          <div
            class="css-1ago99h"
          >
            <span
              class="css-l4a0ln"
            >
              0.4
            </span>
          </div>
        </div>
      </td>
    </tr>
  </tbody>
</table>
`;
