// Jest Snapshot v1, https://goo.gl/fbAQLP

exports[`<TooltipTable /> Default story renders snapshot 1`] = `
<div
  class="MuiTableContainer-root css-rorn0c-MuiTableContainer-root"
>
  <div
    class="css-1h9lvka"
  >
    <div
      class="css-b5werg"
      label="Section 1"
    >
      Section 1
    </div>
    <table
      class="MuiTable-root css-rqglhn-MuiTable-root"
    >
      <tbody
        class="MuiTableBody-root css-apqrd9-MuiTableBody-root"
      >
        <tr
          class="MuiTableRow-root css-1q1u3t4-MuiTableRow-root"
        >
          <td
            class="MuiTableCell-root MuiTableCell-body MuiTableCell-alignLeft MuiTableCell-sizeSmall css-14jzyn8-MuiTableCell-root"
          >
            Label 1
          </td>
          <td
            class="MuiTableCell-root MuiTableCell-body MuiTableCell-alignRight MuiTableCell-sizeSmall css-mo86fa-MuiTableCell-root"
          >
            1
          </td>
        </tr>
        <tr
          class="MuiTableRow-root css-1q1u3t4-MuiTableRow-root"
        >
          <td
            class="MuiTableCell-root MuiTableCell-body MuiTableCell-alignLeft MuiTableCell-sizeSmall css-14jzyn8-MuiTableCell-root"
          >
            Label 2
          </td>
          <td
            class="MuiTableCell-root MuiTableCell-body MuiTableCell-alignRight MuiTableCell-sizeSmall css-mo86fa-MuiTableCell-root"
          >
            2
          </td>
        </tr>
        <tr
          class="MuiTableRow-root css-1q1u3t4-MuiTableRow-root"
        >
          <td
            class="MuiTableCell-root MuiTableCell-body MuiTableCell-alignLeft MuiTableCell-sizeSmall css-14jzyn8-MuiTableCell-root"
          >
            Label 3
          </td>
          <td
            class="MuiTableCell-root MuiTableCell-body MuiTableCell-alignRight MuiTableCell-sizeSmall css-mo86fa-MuiTableCell-root"
          >
            3
          </td>
        </tr>
        <tr
          class="MuiTableRow-root css-1q1u3t4-MuiTableRow-root"
        >
          <td
            class="MuiTableCell-root MuiTableCell-body MuiTableCell-alignLeft MuiTableCell-sizeSmall css-14jzyn8-MuiTableCell-root"
          >
            Label 4
          </td>
          <td
            class="MuiTableCell-root MuiTableCell-body MuiTableCell-alignRight MuiTableCell-sizeSmall css-mo86fa-MuiTableCell-root"
          >
            4
          </td>
        </tr>
        <tr
          class="MuiTableRow-root css-1q1u3t4-MuiTableRow-root"
        >
          <td
            class="MuiTableCell-root MuiTableCell-body MuiTableCell-alignLeft MuiTableCell-sizeSmall css-14jzyn8-MuiTableCell-root"
          >
            Label 5 
          </td>
          <td
            class="MuiTableCell-root MuiTableCell-body MuiTableCell-alignRight MuiTableCell-sizeSmall css-mo86fa-MuiTableCell-root"
          >
            5
          </td>
        </tr>
      </tbody>
    </table>
  </div>
  <div
    class="css-1h9lvka"
  >
    <div
      class="css-b5werg"
      label="Section 2"
    >
      Section 2
    </div>
    <table
      class="MuiTable-root css-rqglhn-MuiTable-root"
    >
      <tbody
        class="MuiTableBody-root css-apqrd9-MuiTableBody-root"
      >
        <tr
          class="MuiTableRow-root css-1q1u3t4-MuiTableRow-root"
        >
          <td
            class="MuiTableCell-root MuiTableCell-body MuiTableCell-alignLeft MuiTableCell-sizeSmall css-14jzyn8-MuiTableCell-root"
          >
            Label 6
          </td>
          <td
            class="MuiTableCell-root MuiTableCell-body MuiTableCell-alignRight MuiTableCell-sizeSmall css-mo86fa-MuiTableCell-root"
          >
            6
          </td>
        </tr>
        <tr
          class="MuiTableRow-root css-1q1u3t4-MuiTableRow-root"
        >
          <td
            class="MuiTableCell-root MuiTableCell-body MuiTableCell-alignLeft MuiTableCell-sizeSmall css-14jzyn8-MuiTableCell-root"
          >
            Label 7
          </td>
          <td
            class="MuiTableCell-root MuiTableCell-body MuiTableCell-alignRight MuiTableCell-sizeSmall css-mo86fa-MuiTableCell-root"
          >
            7
          </td>
        </tr>
        <tr
          class="MuiTableRow-root css-1q1u3t4-MuiTableRow-root"
        >
          <td
            class="MuiTableCell-root MuiTableCell-body MuiTableCell-alignLeft MuiTableCell-sizeSmall css-14jzyn8-MuiTableCell-root"
          >
            Label 8
          </td>
          <td
            class="MuiTableCell-root MuiTableCell-body MuiTableCell-alignRight MuiTableCell-sizeSmall css-mo86fa-MuiTableCell-root"
          >
            8
          </td>
        </tr>
        <tr
          class="MuiTableRow-root css-1q1u3t4-MuiTableRow-root"
        >
          <td
            class="MuiTableCell-root MuiTableCell-body MuiTableCell-alignLeft MuiTableCell-sizeSmall css-14jzyn8-MuiTableCell-root"
          >
            Label 9
          </td>
          <td
            class="MuiTableCell-root MuiTableCell-body MuiTableCell-alignRight MuiTableCell-sizeSmall css-mo86fa-MuiTableCell-root"
          >
            9
          </td>
        </tr>
        <tr
          class="MuiTableRow-root css-1q1u3t4-MuiTableRow-root"
        >
          <td
            class="MuiTableCell-root MuiTableCell-body MuiTableCell-alignLeft MuiTableCell-sizeSmall css-14jzyn8-MuiTableCell-root"
          >
            Label 10
          </td>
          <td
            class="MuiTableCell-root MuiTableCell-body MuiTableCell-alignRight MuiTableCell-sizeSmall css-mo86fa-MuiTableCell-root"
          >
            10
          </td>
        </tr>
      </tbody>
    </table>
  </div>
  <div
    class="css-1h9lvka"
  >
    <div
      class="css-b5werg"
      label="Section 3"
    >
      Section 3
    </div>
    <table
      class="MuiTable-root css-rqglhn-MuiTable-root"
    >
      <tbody
        class="MuiTableBody-root css-apqrd9-MuiTableBody-root"
      >
        <tr
          class="MuiTableRow-root css-1q1u3t4-MuiTableRow-root"
        >
          <td
            class="MuiTableCell-root MuiTableCell-body MuiTableCell-alignLeft MuiTableCell-sizeSmall css-14jzyn8-MuiTableCell-root"
          >
            Label 11
          </td>
          <td
            class="MuiTableCell-root MuiTableCell-body MuiTableCell-alignRight MuiTableCell-sizeSmall css-mo86fa-MuiTableCell-root"
          >
            11
          </td>
        </tr>
        <tr
          class="MuiTableRow-root css-1q1u3t4-MuiTableRow-root"
        >
          <td
            class="MuiTableCell-root MuiTableCell-body MuiTableCell-alignLeft MuiTableCell-sizeSmall css-14jzyn8-MuiTableCell-root"
          >
            Label 12
          </td>
          <td
            class="MuiTableCell-root MuiTableCell-body MuiTableCell-alignRight MuiTableCell-sizeSmall css-mo86fa-MuiTableCell-root"
          >
            12
          </td>
        </tr>
        <tr
          class="MuiTableRow-root css-1q1u3t4-MuiTableRow-root"
        >
          <td
            class="MuiTableCell-root MuiTableCell-body MuiTableCell-alignLeft MuiTableCell-sizeSmall css-14jzyn8-MuiTableCell-root"
          >
            Label 13
          </td>
          <td
            class="MuiTableCell-root MuiTableCell-body MuiTableCell-alignRight MuiTableCell-sizeSmall css-mo86fa-MuiTableCell-root"
          >
            13
          </td>
        </tr>
        <tr
          class="MuiTableRow-root css-1q1u3t4-MuiTableRow-root"
        >
          <td
            class="MuiTableCell-root MuiTableCell-body MuiTableCell-alignLeft MuiTableCell-sizeSmall css-14jzyn8-MuiTableCell-root"
          >
            Label 14
          </td>
          <td
            class="MuiTableCell-root MuiTableCell-body MuiTableCell-alignRight MuiTableCell-sizeSmall css-mo86fa-MuiTableCell-root"
          >
            14
          </td>
        </tr>
        <tr
          class="MuiTableRow-root css-1q1u3t4-MuiTableRow-root"
        >
          <td
            class="MuiTableCell-root MuiTableCell-body MuiTableCell-alignLeft MuiTableCell-sizeSmall css-14jzyn8-MuiTableCell-root"
          >
            Label 15
          </td>
          <td
            class="MuiTableCell-root MuiTableCell-body MuiTableCell-alignRight MuiTableCell-sizeSmall css-mo86fa-MuiTableCell-root"
          >
            15
          </td>
        </tr>
      </tbody>
    </table>
  </div>
</div>
`;
