// Jest Snapshot v1, https://goo.gl/fbAQLP

exports[`<Tag /> Default story renders snapshot 1`] = `
<div
  class="MuiButtonBase-root MuiChip-root MuiChip-filled MuiChip-sizeMedium MuiChip-colorPrimary MuiChip-clickable MuiChip-clickableColorPrimary MuiChip-filledPrimary css-bv58u9-MuiButtonBase-root-MuiChip-root"
  role="button"
  tabindex="0"
>
  <span
    class="MuiChip-label MuiChip-labelMedium css-6od3lo-MuiChip-label"
  >
    Label
  </span>
  <span
    class="MuiTouchRipple-root css-8je8zh-MuiTouchRipple-root"
  />
</div>
`;
