// Jest Snapshot v1, https://goo.gl/fbAQLP

exports[`<InputDropdown /> Default story renders snapshot 1`] = `
<button
  class="MuiButtonBase-root MuiButton-root MuiButton-text MuiButton-textPrimary MuiButton-sizeMedium MuiButton-textSizeMedium MuiButton-root MuiButton-text MuiButton-textPrimary MuiButton-sizeMedium MuiButton-textSizeMedium css-1eacwfg-MuiButtonBase-root-MuiButton-root"
  data-testid="InputDropdown"
  label="Label"
  tabindex="0"
  type="button"
>
  <span
    class="css-18dv0oe"
  >
    <span
      class="styled-label css-1wq753n"
    >
      Label
    </span>
    <span
      class="css-1qt6g1x"
    >
      <div
        class="css-1ft6wgl"
      >
        <svg
          aria-hidden="true"
          class="MuiSvgIcon-root MuiSvgIcon-fontSizeMedium css-tr2xv3-MuiSvgIcon-root"
          data-jest-file-name="IconChevronDownSmall.svg"
          data-jest-svg-name="IconChevronDownSmall"
          data-testid="IconChevronDownSmall"
          fillcontrast="white"
          focusable="false"
          viewBox="0 0 14 14"
        />
      </div>
    </span>
  </span>
  <span
    class="MuiTouchRipple-root css-8je8zh-MuiTouchRipple-root"
  />
</button>
`;
