// Jest Snapshot v1, https://goo.gl/fbAQLP

exports[`<Banner /> Default story renders snapshot 1`] = `
<div
  class="css-1v66a8t"
  role="banner"
>
  <div
    class="css-1879pua"
  >
    <div
      class="css-1f3aume"
    >
      <div
        class="css-1ft6wgl"
      >
        <svg
          aria-hidden="true"
          class="MuiSvgIcon-root MuiSvgIcon-fontSizeMedium css-25m3b5-MuiSvgIcon-root"
          data-jest-file-name="IconInfoCircleLarge.svg"
          data-jest-svg-name="IconInfoCircleLarge"
          data-testid="IconInfoCircleLarge"
          fillcontrast="white"
          focusable="false"
          viewBox="0 0 22 22"
        />
      </div>
    </div>
    Banner text lorem ipsum dolor mit
  </div>
  <button
    aria-label="Close"
    class="MuiButtonBase-root MuiIconButton-root MuiIconButton-sizeMedium css-fkerv1-MuiButtonBase-root-MuiIconButton-root"
    tabindex="0"
    type="button"
  >
    <div
      class="css-1ft6wgl"
    >
      <svg
        aria-hidden="true"
        class="MuiSvgIcon-root MuiSvgIcon-fontSizeMedium css-1q6hio5-MuiSvgIcon-root"
        data-jest-file-name="IconXMarkSmall.svg"
        data-jest-svg-name="IconXMarkSmall"
        data-testid="IconXMarkSmall"
        fillcontrast="white"
        focusable="false"
        viewBox="0 0 14 14"
      />
    </div>
    <span
      class="MuiTouchRipple-root css-8je8zh-MuiTouchRipple-root"
    />
  </button>
</div>
`;
