// Jest Snapshot v1, https://goo.gl/fbAQLP

exports[`<InputRadio /> Test story renders snapshot 1`] = `
<div>
  <div
    aria-labelledby="demo-input-radio-group-label"
    class="MuiFormGroup-root css-dmmspl-MuiFormGroup-root"
    data-testid="radioButtonGroup"
    role="radiogroup"
  >
    <label
      class="MuiFormControlLabel-root MuiFormControlLabel-labelPlacementEnd css-188i020-MuiFormControlLabel-root"
    >
      <span
        class="MuiRadio-root MuiRadio-colorPrimary MuiButtonBase-root MuiRadio-root MuiRadio-colorPrimary PrivateSwitchBase-root Mui-checked css-b0a55y-MuiButtonBase-root-MuiRadio-root"
        data-testid="inputRadio"
        label="Test Label"
      >
        <input
          checked=""
          class="PrivateSwitchBase-input css-1m9pwf3"
          name="input-radio-group"
          type="radio"
          value="demo1"
        />
        <svg
          aria-hidden="true"
          class="MuiSvgIcon-root MuiSvgIcon-fontSizeMedium css-i4bv87-MuiSvgIcon-root"
          data-jest-file-name="IconRadioChecked.svg"
          data-jest-svg-name="IconRadioChecked"
          data-testid="IconRadioChecked"
          fillcontrast="white"
          focusable="false"
          viewBox="0 0 16 16"
        />
        <span
          class="MuiTouchRipple-root css-8je8zh-MuiTouchRipple-root"
        />
      </span>
      <span
        class="MuiTypography-root MuiTypography-body1 MuiFormControlLabel-label css-ahj2mt-MuiTypography-root"
      >
        Test Label
      </span>
    </label>
    <label
      caption="Caption"
      class="MuiFormControlLabel-root MuiFormControlLabel-labelPlacementEnd css-krj95y-MuiFormControlLabel-root"
    >
      <span
        caption="Caption"
        class="MuiRadio-root MuiRadio-colorPrimary MuiButtonBase-root MuiRadio-root MuiRadio-colorPrimary PrivateSwitchBase-root css-b0a55y-MuiButtonBase-root-MuiRadio-root"
        data-testid="inputRadio"
        label="Test Label"
      >
        <input
          class="PrivateSwitchBase-input css-1m9pwf3"
          name="input-radio-group"
          type="radio"
          value="demo2"
        />
        <svg
          aria-hidden="true"
          class="MuiSvgIcon-root MuiSvgIcon-fontSizeMedium css-i4bv87-MuiSvgIcon-root"
          data-jest-file-name="IconRadioUnchecked.svg"
          data-jest-svg-name="IconRadioUnchecked"
          data-testid="IconRadioUnchecked"
          fillcontrast="white"
          focusable="false"
          viewBox="0 0 16 16"
        />
        <span
          class="MuiTouchRipple-root css-8je8zh-MuiTouchRipple-root"
        />
      </span>
      <span
        class="MuiTypography-root MuiTypography-body1 MuiFormControlLabel-label css-ahj2mt-MuiTypography-root"
      >
        Test Label
      </span>
    </label>
    <label
      caption="Caption"
      class="MuiFormControlLabel-root MuiFormControlLabel-labelPlacementEnd css-krj95y-MuiFormControlLabel-root"
    >
      <span
        caption="Caption"
        class="MuiRadio-root MuiRadio-colorPrimary MuiButtonBase-root MuiRadio-root MuiRadio-colorPrimary PrivateSwitchBase-root css-b0a55y-MuiButtonBase-root-MuiRadio-root"
        data-testid="inputRadio"
        label="Test Label"
      >
        <input
          class="PrivateSwitchBase-input css-1m9pwf3"
          name="input-radio-group"
          type="radio"
          value="demo3"
        />
        <svg
          aria-hidden="true"
          class="MuiSvgIcon-root MuiSvgIcon-fontSizeMedium css-i4bv87-MuiSvgIcon-root"
          data-jest-file-name="IconRadioUnchecked.svg"
          data-jest-svg-name="IconRadioUnchecked"
          data-testid="IconRadioUnchecked"
          fillcontrast="white"
          focusable="false"
          viewBox="0 0 16 16"
        />
        <span
          class="MuiTouchRipple-root css-8je8zh-MuiTouchRipple-root"
        />
      </span>
      <span
        class="MuiTypography-root MuiTypography-body1 MuiFormControlLabel-label css-ahj2mt-MuiTypography-root"
      >
        Test Label
      </span>
    </label>
  </div>
</div>
`;
