// Jest Snapshot v1, https://goo.gl/fbAQLP

exports[`<Pagination /> Default story renders snapshot 1`] = `
<ul
  class="css-epcftv"
>
  <li
    class="css-1hppjzv"
  >
    <button
      aria-label="Previous page"
      class="MuiButtonBase-root Mui-disabled MuiIconButton-root Mui-disabled MuiIconButton-sizeMedium css-1xga07g-MuiButtonBase-root-MuiIconButton-root"
      data-order="first"
      disabled=""
      icon="chevronLeft"
      tabindex="-1"
      type="button"
    >
      <div
        class="css-1ft6wgl"
      >
        <svg
          aria-hidden="true"
          class="MuiSvgIcon-root MuiSvgIcon-fontSizeMedium css-1q6hio5-MuiSvgIcon-root"
          data-file-name="IconChevronLeftSmall"
          data-testid="IconChevronLeftSmall"
          fillcontrast="white"
          focusable="false"
          viewBox="0 0 14 14"
        />
      </div>
    </button>
  </li>
  <li
    class="css-epqfwj"
  >
    1
  </li>
  <li
    class="css-1se3fy4"
  >
    2
  </li>
  <li
    class="css-1se3fy4"
  >
    3
  </li>
  <li
    class="css-1se3fy4"
  >
    4
  </li>
  <li
    class="css-1se3fy4"
  >
    5
  </li>
  <li
    class="css-bamrhj"
  >
    <button
      aria-label="Go to a page"
      class="MuiButtonBase-root MuiIconButton-root MuiIconButton-sizeMedium css-nu4a6d-MuiButtonBase-root-MuiIconButton-root"
      icon="dotsHorizontal"
      tabindex="0"
      type="button"
    >
      <div
        class="css-1ft6wgl"
      >
        <svg
          aria-hidden="true"
          class="MuiSvgIcon-root MuiSvgIcon-fontSizeMedium css-1q6hio5-MuiSvgIcon-root"
          data-file-name="IconDotsHorizontal3Small"
          data-testid="IconDotsHorizontal3Small"
          fillcontrast="white"
          focusable="false"
          viewBox="0 0 14 14"
        />
      </div>
      <span
        class="MuiTouchRipple-root css-8je8zh-MuiTouchRipple-root"
      />
    </button>
  </li>
  <li
    class="css-1se3fy4"
  >
    20
  </li>
  <li
    class="css-1hppjzv"
  >
    <button
      aria-label="Next page"
      class="MuiButtonBase-root MuiIconButton-root MuiIconButton-sizeMedium css-1vmnq6r-MuiButtonBase-root-MuiIconButton-root"
      data-order="last"
      icon="chevronRight"
      tabindex="0"
      type="button"
    >
      <div
        class="css-1ft6wgl"
      >
        <svg
          aria-hidden="true"
          class="MuiSvgIcon-root MuiSvgIcon-fontSizeMedium css-1q6hio5-MuiSvgIcon-root"
          data-file-name="IconChevronRightSmall"
          data-testid="IconChevronRightSmall"
          fillcontrast="white"
          focusable="false"
          viewBox="0 0 14 14"
        />
      </div>
      <span
        class="MuiTouchRipple-root css-8je8zh-MuiTouchRipple-root"
      />
    </button>
  </li>
</ul>
`;
