// Jest Snapshot v1, https://goo.gl/fbAQLP

exports[`<MenuItem /> Test story renders snapshot 1`] = `
<div
  class="css-1m75yyh"
>
  <li
    class="MuiMenuItem-root MuiMenuItem-gutters MuiButtonBase-root css-pelx1i-MuiButtonBase-root-MuiMenuItem-root"
    data-testid="MenuItem"
    name="test text"
    role="menuitem"
    tabindex="-1"
  >
    <span
      class="css-bv5fko"
    >
      <span
        class="primary-text css-hbz1qm"
      >
        test text
      </span>
      <span
        class="css-x5dzyr"
      >
        test column
      </span>
    </span>
    <span
      class="MuiTouchRipple-root css-8je8zh-MuiTouchRipple-root"
    />
  </li>
</div>
`;
