// Jest Snapshot v1, https://goo.gl/fbAQLP

exports[`<InputCheckbox /> Default story renders snapshot 1`] = `
<label
  class="MuiFormControlLabel-root MuiFormControlLabel-labelPlacementEnd css-c4vnp1-MuiFormControlLabel-root"
>
  <span
    class="MuiButtonBase-root MuiCheckbox-root MuiCheckbox-colorDefault MuiCheckbox-sizeMedium PrivateSwitchBase-root MuiCheckbox-root MuiCheckbox-colorDefault MuiCheckbox-sizeMedium MuiCheckbox-root MuiCheckbox-colorDefault MuiCheckbox-sizeMedium css-4qmxpf-MuiButtonBase-root-MuiCheckbox-root"
    intent="default"
  >
    <input
      class="PrivateSwitchBase-input css-1m9pwf3"
      data-indeterminate="false"
      type="checkbox"
    />
    <svg
      aria-hidden="true"
      class="MuiSvgIcon-root MuiSvgIcon-fontSizeMedium css-i4bv87-MuiSvgIcon-root"
      data-file-name="IconCheckboxUnchecked"
      data-testid="IconCheckboxUnchecked"
      fillcontrast="white"
      focusable="false"
      viewBox="0 0 16 16"
    />
    <span
      class="MuiTouchRipple-root css-8je8zh-MuiTouchRipple-root"
    />
  </span>
  <span
    class="MuiTypography-root MuiTypography-body1 MuiFormControlLabel-label css-ahj2mt-MuiTypography-root"
  >
    <span
      class="css-1ddu512"
    >
      <span
        class="css-1dr5e88"
      >
        Label
      </span>
      <span
        class="css-1mg4zid"
      >
        Caption
      </span>
    </span>
  </span>
</label>
`;
