// Jest Snapshot v1, https://goo.gl/fbAQLP

exports[`<Tabs /> Default story renders snapshot 1`] = `
<div
  class="MuiTabs-root css-edivr4-MuiTabs-root"
>
  <div
    class="MuiTabs-scroller MuiTabs-fixed css-jpln7h-MuiTabs-scroller"
    style="overflow: hidden; margin-bottom: 0px;"
  >
    <div
      class="MuiTabs-flexContainer css-heg063-MuiTabs-flexContainer"
      role="tablist"
    >
      <button
        aria-selected="true"
        class="MuiButtonBase-root MuiTab-root MuiTab-textColorPrimary Mui-selected css-8tk79r-MuiButtonBase-root-MuiTab-root"
        role="tab"
        tabindex="0"
        type="button"
      >
        <span
          class="css-1t2qed8"
        >
          Upload from Your Computer
        </span>
        <span
          aria-hidden="true"
          class="css-fupqvl"
        >
          Upload from Your Computer
        </span>
        <span
          class="MuiTouchRipple-root css-8je8zh-MuiTouchRipple-root"
        />
      </button>
      <button
        aria-selected="false"
        class="MuiButtonBase-root MuiTab-root MuiTab-textColorPrimary css-8tk79r-MuiButtonBase-root-MuiTab-root"
        role="tab"
        tabindex="-1"
        type="button"
      >
        <div
          class="css-90my5s"
        >
          <div>
            <span
              class="css-1t2qed8"
            >
              Upload from Base Space
            </span>
            <span
              aria-hidden="true"
              class="css-fupqvl"
            >
              Upload from Base Space
            </span>
          </div>
          <span
            class="css-1a170p7"
          >
            0
          </span>
        </div>
        <span
          class="MuiTouchRipple-root css-8je8zh-MuiTouchRipple-root"
        />
      </button>
    </div>
    <span
      class="MuiTabs-indicator css-sadiwf css-1aquho2-MuiTabs-indicator"
      style="left: 0px; width: 0px;"
    />
  </div>
</div>
`;
