// Jest Snapshot v1, https://goo.gl/fbAQLP

exports[`<InputToggle /> Default story renders snapshot 1`] = `
<span
  class="MuiSwitch-root MuiSwitch-sizeMedium css-1lu0c44-MuiSwitch-root"
>
  <span
    class="MuiButtonBase-root MuiSwitch-switchBase MuiSwitch-colorPrimary PrivateSwitchBase-root MuiSwitch-switchBase MuiSwitch-colorPrimary css-5ryogn-MuiButtonBase-root-MuiSwitch-switchBase"
  >
    <input
      class="PrivateSwitchBase-input MuiSwitch-input css-1m9pwf3"
      type="checkbox"
      value="Off"
    />
    <span
      class="MuiSwitch-thumb css-jsexje-MuiSwitch-thumb"
    />
    <span
      class="MuiTouchRipple-root css-8je8zh-MuiTouchRipple-root"
    />
  </span>
  <span
    class="MuiSwitch-track css-1yjjitx-MuiSwitch-track"
  />
</span>
`;
