// Jest Snapshot v1, https://goo.gl/fbAQLP

exports[`<Notification /> Default story renders snapshot 1`] = `
<label
  class="MuiFormControlLabel-root MuiFormControlLabel-labelPlacementEnd css-1xe61c-MuiFormControlLabel-root"
>
  <span
    class="MuiSwitch-root MuiSwitch-sizeMedium css-1r4ynxi-MuiSwitch-root"
  >
    <span
      class="MuiButtonBase-root MuiSwitch-switchBase MuiSwitch-colorPrimary PrivateSwitchBase-root MuiSwitch-switchBase MuiSwitch-colorPrimary css-5ryogn-MuiButtonBase-root-MuiSwitch-switchBase"
    >
      <input
        class="PrivateSwitchBase-input MuiSwitch-input css-1m9pwf3"
        type="checkbox"
        value="Off"
      />
      <span
        class="MuiSwitch-thumb css-jsexje-MuiSwitch-thumb"
      />
      <span
        class="MuiTouchRipple-root css-8je8zh-MuiTouchRipple-root"
      />
    </span>
    <span
      class="MuiSwitch-track css-1yjjitx-MuiSwitch-track"
    />
  </span>
  <span
    class="MuiTypography-root MuiTypography-body1 MuiFormControlLabel-label css-ahj2mt-MuiTypography-root"
  >
    Hide Notification
  </span>
</label>
`;
