// Jest Snapshot v1, https://goo.gl/fbAQLP

exports[`<InputDropdown /> Test story renders snapshot 1`] = `
<button
  class="MuiButton-root MuiButton-text MuiButton-textPrimary MuiButton-sizeMedium MuiButton-textSizeMedium MuiButtonBase-root e1xjaxqv6 css-192toct-MuiButtonBase-root-MuiButton-root-StyledInputDropdown-inputDropdownStyles-square-StyledInputDropdown"
  data-testid="InputDropdown"
  label="Label"
  tabindex="0"
  type="button"
>
  <span
    class="css-1y6wtno-LabelWrapper e1xjaxqv1"
  >
    <span
      class="css-906iv0-StyledLabel e1xjaxqv4"
    >
      Label
    </span>
    <span
      class="css-1v6rz9s-IconWrapper e1xjaxqv0"
    >
      <div
        class="css-1ft6wgl"
      >
        <svg
          aria-hidden="true"
          class="MuiSvgIcon-root MuiSvgIcon-fontSizeMedium css-13n8ekv-MuiSvgIcon-root-iconSize-interactive-StyledSvgIcon"
          data-jest-file-name="IconChevronDownSmall.svg"
          data-jest-svg-name="IconChevronDownSmall"
          data-testid="IconChevronDownSmall"
          fillcontrast="white"
          focusable="false"
          viewBox="0 0 14 14"
        />
      </div>
    </span>
  </span>
  <span
    class="MuiTouchRipple-root css-8je8zh-MuiTouchRipple-root"
  />
</button>
`;
