// Jest Snapshot v1, https://goo.gl/fbAQLP

exports[`<InputCheckbox /> Default story renders snapshot 1`] = `
<div>
  <label
    class="MuiFormControlLabel-root MuiFormControlLabel-labelPlacementEnd css-j204z7-MuiFormControlLabel-root"
  >
    <span
      caption="Caption"
      class="MuiButtonBase-root MuiCheckbox-root MuiCheckbox-colorDefault PrivateSwitchBase-root MuiCheckbox-root MuiCheckbox-colorDefault MuiCheckbox-root MuiCheckbox-colorDefault css-1ptfvrq-MuiButtonBase-root-MuiCheckbox-root"
      label="Label"
      stage="unchecked"
    >
      <input
        class="PrivateSwitchBase-input css-1m9pwf3"
        data-indeterminate="false"
        id="test-story"
        type="checkbox"
        value="Demo"
      />
      <svg
        aria-hidden="true"
        class="MuiSvgIcon-root MuiSvgIcon-fontSizeMedium css-i4bv87-MuiSvgIcon-root"
        data-jest-file-name="IconCheckboxUnchecked.svg"
        data-jest-svg-name="IconCheckboxUnchecked"
        data-testid="IconCheckboxUnchecked"
        fillcontrast="white"
        focusable="false"
        viewBox="0 0 16 16"
      />
      <span
        class="MuiTouchRipple-root css-8je8zh-MuiTouchRipple-root"
      />
    </span>
    <span
      class="MuiTypography-root MuiTypography-body1 MuiFormControlLabel-label css-ahj2mt-MuiTypography-root"
    >
      Label
    </span>
  </label>
</div>
`;
