// Jest Snapshot v1, https://goo.gl/fbAQLP

exports[`<Tooltip /> Default story renders snapshot 1`] = `
<div>
  Hover over the info icon to view the tooltip.
  <p>
    ArrowOffset changes the position of the tooltip arrow and can be any numeric value within [-120, 120]. Any value value over the width of the tooltip will remove the arrow from the tooltip.
  </p>
  <div
    style="margin: 135px 300px;"
  >
    <svg
      aria-hidden="true"
      class="MuiSvgIcon-root MuiSvgIcon-fontSizeMedium css-i4bv87-MuiSvgIcon-root"
      data-mui-internal-clone-element="true"
      data-testid="InfoOutlinedIcon"
      focusable="false"
      viewBox="0 0 24 24"
    >
      <path
        d="M11 7h2v2h-2zm0 4h2v6h-2zm1-9C6.48 2 2 6.48 2 12s4.48 10 10 10 10-4.48 10-10S17.52 2 12 2m0 18c-4.41 0-8-3.59-8-8s3.59-8 8-8 8 3.59 8 8-3.59 8-8 8"
      />
    </svg>
  </div>
</div>
`;
