// Jest Snapshot v1, https://goo.gl/fbAQLP

exports[`<ButtonDropdown /> Test story renders snapshot 1`] = `
<button
  class="MuiButton-root MuiButton-contained MuiButton-containedPrimary MuiButton-sizeMedium MuiButton-containedSizeMedium MuiButtonBase-root css-ok6hdy-MuiButtonBase-root-MuiButton-root"
  data-testid="button-dropdown"
  icon="[object Object]"
  tabindex="0"
  type="button"
>
  <span
    class="MuiButton-startIcon MuiButton-iconSizeMedium css-1d6wzja-MuiButton-startIcon"
  >
    <div
      class="css-jbvua0"
    >
      <svg
        aria-hidden="true"
        class="MuiSvgIcon-root MuiSvgIcon-fontSizeMedium css-8icru1-MuiSvgIcon-root"
        data-jest-file-name="IconDownloadLarge.svg"
        data-jest-svg-name="IconDownloadLarge"
        data-testid="IconDownloadLarge"
        fillcontrast="white"
        focusable="false"
        viewBox="0 0 22 22"
      />
    </div>
  </span>
  Label
  <span
    class="MuiButton-endIcon MuiButton-iconSizeMedium css-9tj150-MuiButton-endIcon"
  >
    <div
      class="css-jbvua0"
    >
      <svg
        aria-hidden="true"
        class="MuiSvgIcon-root MuiSvgIcon-fontSizeMedium css-8icru1-MuiSvgIcon-root"
        data-jest-file-name="IconChevronDownSmall.svg"
        data-jest-svg-name="IconChevronDownSmall"
        data-testid="IconChevronDownSmall"
        fillcontrast="white"
        focusable="false"
        viewBox="0 0 14 14"
      />
    </div>
  </span>
  <span
    class="MuiTouchRipple-root css-8je8zh-MuiTouchRipple-root"
  />
</button>
`;
