// Jest Snapshot v1, https://goo.gl/fbAQLP

exports[`<InputText /> Default story renders snapshot 1`] = `
<label
  class="css-1n9rsuo"
  for="Test"
>
  Label
</label>
`;
