// Jest Snapshot v1, https://goo.gl/fbAQLP

exports[`<TagFilter /> Default story renders snapshot 1`] = `
<div
  style="display: inline-grid; grid-template-columns: repeat(1, 1fr); grid-template-rows: repeat(1, 1fr);"
>
  <div
    style="grid-area: 1 / 1 / 1 / 2;"
  >
    <button
      class="MuiButtonBase-root MuiButton-root MuiButton-text MuiButton-textPrimary MuiButton-sizeMedium MuiButton-textSizeMedium Mui-disabled MuiButton-root MuiButton-text MuiButton-textPrimary MuiButton-sizeMedium MuiButton-textSizeMedium css-1qnokts-MuiButtonBase-root-MuiButton-root"
      disabled=""
      tabindex="-1"
      type="button"
    >
      Delete the tag by clicking on its icon
    </button>
  </div>
  <div
    style="grid-area: 2 / 1 / 2 / 2;"
  >
    <div
      class="MuiButtonBase-root MuiChip-root MuiChip-filled MuiChip-sizeMedium MuiChip-colorPrimary MuiChip-deletable MuiChip-deletableColorPrimary MuiChip-filledPrimary css-4l3rqc-MuiButtonBase-root-MuiChip-root"
      role="button"
      tabindex="0"
    >
      <span
        class="MuiChip-label MuiChip-labelMedium css-6od3lo-MuiChip-label"
      >
        TagFilter
      </span>
      <svg
        aria-hidden="true"
        class="MuiSvgIcon-root MuiSvgIcon-fontSizeMedium MuiChip-deleteIcon MuiChip-deleteIconMedium MuiChip-deleteIconColorPrimary MuiChip-deleteIconFilledColorPrimary css-i4bv87-MuiSvgIcon-root"
        data-testid="ClearIcon"
        focusable="false"
        viewBox="0 0 24 24"
      >
        <path
          d="M19 6.41 17.59 5 12 10.59 6.41 5 5 6.41 10.59 12 5 17.59 6.41 19 12 13.41 17.59 19 19 17.59 13.41 12z"
        />
      </svg>
    </div>
  </div>
</div>
`;
