// Jest Snapshot v1, https://goo.gl/fbAQLP

exports[`<Heatmap /> Test story renders snapshot 1`] = `
<div
  class="css-k7dwt7"
  data-testid="Heatmap"
>
  <p>
    heatmap test!
  </p>
</div>
`;
