// Jest Snapshot v1, https://goo.gl/fbAQLP

exports[`<button /> Default story renders snapshot 1`] = `
<button
  class="MuiButtonBase-root MuiButton-root MuiButton-contained MuiButton-containedPrimary MuiButton-sizeMedium MuiButton-containedSizeMedium MuiButton-colorPrimary MuiButton-root MuiButton-contained MuiButton-containedPrimary MuiButton-sizeMedium MuiButton-containedSizeMedium MuiButton-colorPrimary css-19167ln-MuiButtonBase-root-MuiButton-root"
  icon="Cube"
  tabindex="0"
  text="Label"
  type="button"
>
  Label
</button>
`;
