// Jest Snapshot v1, https://goo.gl/fbAQLP

exports[`<Tooltip /> Default story renders snapshot 1`] = `
<div>
  Hover over the info icon to view the tooltip.
  <p>
    ArrowOffset changes the position of the tooltip arrow and can be any numeric value within [-120, 120]. Any value value over the width of the tooltip will remove the arrow from the tooltip.
  </p>
  <div
    style="margin: 135px 300px;"
  >
    <button
      aria-label="tooltip test button"
      class="MuiButtonBase-root MuiIconButton-root MuiIconButton-sizeMedium  css-zkd9l9-MuiButtonBase-root-MuiIconButton-root"
      data-mui-internal-clone-element="true"
      icon="ExclamationMarkCircle"
      tabindex="0"
      type="button"
    >
      <div
        class="css-1ft6wgl"
      >
        <svg
          aria-hidden="true"
          class="MuiSvgIcon-root MuiSvgIcon-fontSizeMedium css-1q6hio5-MuiSvgIcon-root"
          data-file-name="IconExclamationMarkCircleLarge"
          data-testid="IconExclamationMarkCircleLarge"
          fillcontrast="white"
          focusable="false"
          height="24"
          viewBox="0 0 24 24"
          width="24"
        />
      </div>
      <span
        class="MuiTouchRipple-root css-8je8zh-MuiTouchRipple-root"
      />
    </button>
  </div>
</div>
`;
