// Jest Snapshot v1, https://goo.gl/fbAQLP

exports[`<DropdownMenu /> Default story renders snapshot 1`] = `
<div
  style="margin: 16px 0px 0px 24px;"
/>
`;

exports[`<DropdownMenu /> MultiColumn story renders snapshot 1`] = `
<div
  style="margin: 16px 0px 0px 24px;"
/>
`;
